// Jest Snapshot v1, https://goo.gl/fbAQLP

exports[`renders ArticleList component correctly 1`] = `<DocumentFragment />`;
